R2=0x0 
R2=0x1 
R2=0x2 
R2=0x3 
R2=0x4 
R2=0x5 
R2=0x6 
R2=0x7 
R2=0x8 
R2=0x9 
R2=0xa 
R2=0xb 
R2=0xc 
R2=0xd 
R2=0xe 
R2=0xf 
R2=0xa 
R2=0x2 
R2=0x9 
R2=0x3 
R2=0x0 
R2=0x6 
R2=0xc 
R2=0x1 
R2=0x4 
R2=0x7 
R2=0x5 
R2=0xd 
R2=0xb 
R2=0xf 
R2=0xe 
R2=0x8 
