0 0
1 1
2 2
3 3
4 4
5 5
6 6
7 7
8 8
9 9
A A
B B
C C
D D
E E
F F
10 10
11 11
12 12
13 13
14 14
15 15
16 16
17 17
18 18
19 19
1A 1A
1B 1B
1C 1C
1D 1D
1E 1E
1F 1F
20 20
21 21
22 22
23 23
24 24
25 25
26 26
27 27
28 28
29 29
2A 2A
2B 2B
2C 2C
2D 2D
2E 2E
2F 2F
30 30
31 31
32 32
33 33
34 34
35 35
36 36
37 37
38 38
39 39
3A 3A
3B 3B
3C 3C
3D 3D
3E 3E
3F 3F
40 40
41 41
42 42
43 43
44 44
45 45
46 46
47 47
48 48
49 49
4A 4A
4B 4B
4C 4C
4D 4D
4E 4E
4F 4F
50 50
51 51
52 52
53 53
54 54
55 55
56 56
57 57
58 58
59 59
5A 5A
5B 5B
5C 5C
5D 5D
5E 5E
5F 5F
60 60
61 61
62 62
63 63
64 64
65 65
66 66
67 67
68 68
69 69
6A 6A
6B 6B
6C 6C
6D 6D
6E 6E
6F 6F
70 70
71 71
72 72
73 73
74 74
75 75
76 76
77 77
78 78
79 79
7A 7A
7B 7B
7C 7C
7D 7D
7E 7E
7F 7F
80 80
81 81
82 82
83 83
84 84
85 85
86 86
87 87
88 88
89 89
8A 8A
8B 8B
8C 8C
8D 8D
8E 8E
8F 8F
90 90
91 91
92 92
93 93
94 94
95 95
96 96
97 97
98 98
99 99
9A 9A
9B 9B
9C 9C
9D 9D
9E 9E
9F 9F
A0 A0
A1 A1
A2 A2
A3 A3
A4 A4
A5 A5
A6 A6
A7 A7
A8 A8
A9 A9
AA AA
AB AB
AC AC
AD AD
AE AE
AF AF
B0 B0
B1 B1
B2 B2
B3 B3
B4 B4
B5 B5
B6 B6
B7 B7
B8 B8
B9 B9
BA BA
BB BB
BC BC
BD BD
BE BE
BF BF
C0 C0
C1 C1
C2 C2
C3 C3
C4 C4
C5 C5
C6 C6
C7 C7
C8 C8
C9 C9
CA CA
CB CB
CC CC
CD CD
CE CE
CF CF
D0 D0
D1 D1
D2 D2
D3 D3
D4 D4
D5 D5
D6 D6
D7 D7
D8 D8
D9 D9
DA DA
DB DB
DC DC
DD DD
DE DE
DF DF
E0 E0
E1 E1
E2 E2
E3 E3
E4 E4
E5 E5
E6 E6
E7 E7
E8 E8
E9 E9
EA EA
EB EB
EC EC
ED ED
EE EE
EF EF
F0 F0
F1 F1
F2 F2
F3 F3
F4 F4
F5 F5
F6 F6
F7 F7
F8 F8
F9 F9
FA FA
FB FB
FC FC
FD FD
FE FE
FF FF
100 100
101 101
102 102
103 103
104 104
105 105
106 106
107 107
108 108
109 109
10A 10A
10B 10B
10C 10C
10D 10D
10E 10E
10F 10F
110 110
111 111
112 112
113 113
114 114
115 115
116 116
117 117
118 118
119 119
11A 11A
11B 11B
11C 11C
11D 11D
11E 11E
11F 11F
120 120
121 121
122 122
123 123
124 124
125 125
126 126
127 127
128 128
129 129
12A 12A
12B 12B
12C 12C
12D 12D
12E 12E
12F 12F
130 130
131 131
132 132
133 133
134 134
135 135
136 136
137 137
138 138
139 139
13A 13A
13B 13B
13C 13C
13D 13D
13E 13E
13F 13F
140 140
141 141
142 142
143 143
144 144
145 145
146 146
147 147
148 148
149 149
14A 14A
14B 14B
14C 14C
14D 14D
14E 14E
14F 14F
150 150
151 151
152 152
153 153
154 154
155 155
156 156
157 157
158 158
159 159
15A 15A
15B 15B
15C 15C
15D 15D
15E 15E
15F 15F
160 160
161 161
162 162
163 163
164 164
165 165
166 166
167 167
168 168
169 169
16A 16A
16B 16B
16C 16C
16D 16D
16E 16E
16F 16F
170 170
171 171
172 172
173 173
174 174
175 175
176 176
177 177
178 178
179 179
17A 17A
17B 17B
17C 17C
17D 17D
17E 17E
17F 17F
180 180
181 181
182 182
183 183
184 184
185 185
186 186
187 187
188 188
189 189
18A 18A
18B 18B
18C 18C
18D 18D
18E 18E
18F 18F
190 190
191 191
192 192
193 193
194 194
195 195
196 196
197 197
198 198
199 199
19A 19A
19B 19B
19C 19C
19D 19D
19E 19E
19F 19F
1A0 1A0
1A1 1A1
1A2 1A2
1A3 1A3
1A4 1A4
1A5 1A5
1A6 1A6
1A7 1A7
1A8 1A8
1A9 1A9
1AA 1AA
1AB 1AB
1AC 1AC
1AD 1AD
1AE 1AE
1AF 1AF
1B0 1B0
1B1 1B1
1B2 1B2
1B3 1B3
1B4 1B4
1B5 1B5
1B6 1B6
1B7 1B7
1B8 1B8
1B9 1B9
1BA 1BA
1BB 1BB
1BC 1BC
1BD 1BD
1BE 1BE
1BF 1BF
1C0 1C0
1C1 1C1
1C2 1C2
1C3 1C3
1C4 1C4
1C5 1C5
1C6 1C6
1C7 1C7
1C8 1C8
1C9 1C9
1CA 1CA
1CB 1CB
1CC 1CC
1CD 1CD
1CE 1CE
1CF 1CF
1D0 1D0
1D1 1D1
1D2 1D2
1D3 1D3
1D4 1D4
1D5 1D5
1D6 1D6
1D7 1D7
1D8 1D8
1D9 1D9
1DA 1DA
1DB 1DB
1DC 1DC
1DD 1DD
1DE 1DE
1DF 1DF
1E0 1E0
1E1 1E1
1E2 1E2
1E3 1E3
1E4 1E4
1E5 1E5
1E6 1E6
1E7 1E7
1E8 1E8
1E9 1E9
1EA 1EA
1EB 1EB
1EC 1EC
1ED 1ED
1EE 1EE
1EF 1EF
1F0 1F0
1F1 1F1
1F2 1F2
1F3 1F3
1F4 1F4
1F5 1F5
1F6 1F6
1F7 1F7
1F8 1F8
1F9 1F9
1FA 1FA
1FB 1FB
1FC 1FC
1FD 1FD
1FE 1FE
1FF 1FF
200 200
201 201
202 202
203 203
204 204
205 205
206 206
207 207
208 208
209 209
20A 20A
20B 20B
20C 20C
20D 20D
20E 20E
20F 20F
210 210
211 211
212 212
213 213
214 214
215 215
216 216
217 217
218 218
219 219
21A 21A
21B 21B
21C 21C
21D 21D
21E 21E
21F 21F
220 220
221 221
222 222
223 223
224 224
225 225
226 226
227 227
228 228
229 229
22A 22A
22B 22B
22C 22C
22D 22D
22E 22E
22F 22F
230 230
231 231
232 232
233 233
234 234
235 235
236 236
237 237
238 238
239 239
23A 23A
23B 23B
23C 23C
23D 23D
23E 23E
23F 23F
240 240
241 241
242 242
243 243
244 244
245 245
246 246
247 247
248 248
249 249
24A 24A
24B 24B
24C 24C
24D 24D
24E 24E
24F 24F
250 250
251 251
252 252
253 253
254 254
255 255
256 256
257 257
258 258
259 259
25A 25A
25B 25B
25C 25C
25D 25D
25E 25E
25F 25F
260 260
261 261
262 262
263 263
264 264
265 265
266 266
267 267
268 268
269 269
26A 26A
26B 26B
26C 26C
26D 26D
26E 26E
26F 26F
270 270
271 271
272 272
273 273
274 274
275 275
276 276
277 277
278 278
279 279
27A 27A
27B 27B
27C 27C
27D 27D
27E 27E
27F 27F
280 280
281 281
282 282
283 283
284 284
285 285
286 286
287 287
288 288
289 289
28A 28A
28B 28B
28C 28C
28D 28D
28E 28E
28F 28F
290 290
291 291
292 292
293 293
294 294
295 295
296 296
297 297
298 298
299 299
29A 29A
29B 29B
29C 29C
29D 29D
29E 29E
29F 29F
2A0 2A0
2A1 2A1
2A2 2A2
2A3 2A3
2A4 2A4
2A5 2A5
2A6 2A6
2A7 2A7
2A8 2A8
2A9 2A9
2AA 2AA
2AB 2AB
2AC 2AC
2AD 2AD
2AE 2AE
2AF 2AF
2B0 2B0
2B1 2B1
2B2 2B2
2B3 2B3
2B4 2B4
2B5 2B5
2B6 2B6
2B7 2B7
2B8 2B8
2B9 2B9
2BA 2BA
2BB 2BB
2BC 2BC
2BD 2BD
2BE 2BE
2BF 2BF
2C0 2C0
2C1 2C1
2C2 2C2
2C3 2C3
2C4 2C4
2C5 2C5
2C6 2C6
2C7 2C7
2C8 2C8
2C9 2C9
2CA 2CA
2CB 2CB
2CC 2CC
2CD 2CD
2CE 2CE
2CF 2CF
2D0 2D0
2D1 2D1
2D2 2D2
2D3 2D3
2D4 2D4
2D5 2D5
2D6 2D6
2D7 2D7
2D8 2D8
2D9 2D9
2DA 2DA
2DB 2DB
2DC 2DC
2DD 2DD
2DE 2DE
2DF 2DF
2E0 2E0
2E1 2E1
2E2 2E2
2E3 2E3
2E4 2E4
2E5 2E5
2E6 2E6
2E7 2E7
2E8 2E8
2E9 2E9
2EA 2EA
2EB 2EB
2EC 2EC
2ED 2ED
2EE 2EE
2EF 2EF
2F0 2F0
2F1 2F1
2F2 2F2
2F3 2F3
2F4 2F4
2F5 2F5
2F6 2F6
2F7 2F7
2F8 2F8
2F9 2F9
2FA 2FA
2FB 2FB
2FC 2FC
2FD 2FD
2FE 2FE
2FF 2FF
300 300
301 301
302 302
303 303
304 304
305 305
306 306
307 307
308 308
309 309
30A 30A
30B 30B
30C 30C
30D 30D
30E 30E
30F 30F
310 310
311 311
312 312
313 313
314 314
315 315
316 316
317 317
318 318
319 319
31A 31A
31B 31B
31C 31C
31D 31D
31E 31E
31F 31F
320 320
321 321
322 322
323 323
324 324
325 325
326 326
327 327
328 328
329 329
32A 32A
32B 32B
32C 32C
32D 32D
32E 32E
32F 32F
330 330
331 331
332 332
333 333
334 334
335 335
336 336
337 337
338 338
339 339
33A 33A
33B 33B
33C 33C
33D 33D
33E 33E
33F 33F
340 340
341 341
342 342
343 343
344 344
345 345
346 346
347 347
348 348
349 349
34A 34A
34B 34B
34C 34C
34D 34D
34E 34E
34F 34F
350 350
351 351
352 352
353 353
354 354
355 355
356 356
357 357
358 358
359 359
35A 35A
35B 35B
35C 35C
35D 35D
35E 35E
35F 35F
360 360
361 361
362 362
363 363
364 364
365 365
366 366
367 367
368 368
369 369
36A 36A
36B 36B
36C 36C
36D 36D
36E 36E
36F 36F
370 370
371 371
372 372
373 373
374 374
375 375
376 376
377 377
378 378
379 379
37A 37A
37B 37B
37C 37C
37D 37D
37E 37E
37F 37F
380 380
381 381
382 382
383 383
384 384
385 385
386 386
387 387
388 388
389 389
38A 38A
38B 38B
38C 38C
38D 38D
38E 38E
38F 38F
390 390
391 391
392 392
393 393
394 394
395 395
396 396
397 397
398 398
399 399
39A 39A
39B 39B
39C 39C
39D 39D
39E 39E
39F 39F
3A0 3A0
3A1 3A1
3A2 3A2
3A3 3A3
3A4 3A4
3A5 3A5
3A6 3A6
3A7 3A7
3A8 3A8
3A9 3A9
3AA 3AA
3AB 3AB
3AC 3AC
3AD 3AD
3AE 3AE
3AF 3AF
3B0 3B0
3B1 3B1
3B2 3B2
3B3 3B3
3B4 3B4
3B5 3B5
3B6 3B6
3B7 3B7
3B8 3B8
3B9 3B9
3BA 3BA
3BB 3BB
3BC 3BC
3BD 3BD
3BE 3BE
3BF 3BF
3C0 3C0
3C1 3C1
3C2 3C2
3C3 3C3
3C4 3C4
3C5 3C5
3C6 3C6
3C7 3C7
3C8 3C8
3C9 3C9
3CA 3CA
3CB 3CB
3CC 3CC
3CD 3CD
3CE 3CE
3CF 3CF
3D0 3D0
3D1 3D1
3D2 3D2
3D3 3D3
3D4 3D4
3D5 3D5
3D6 3D6
3D7 3D7
3D8 3D8
3D9 3D9
3DA 3DA
3DB 3DB
3DC 3DC
3DD 3DD
3DE 3DE
3DF 3DF
3E0 3E0
3E1 3E1
3E2 3E2
3E3 3E3
3E4 3E4
3E5 3E5
3E6 3E6
3E7 3E7
3E8 3E8
3E9 3E9
3EA 3EA
3EB 3EB
3EC 3EC
3ED 3ED
3EE 3EE
3EF 3EF
3F0 3F0
3F1 3F1
3F2 3F2
3F3 3F3
3F4 3F4
3F5 3F5
3F6 3F6
3F7 3F7
3F8 3F8
3F9 3F9
3FA 3FA
3FB 3FB
3FC 3FC
3FD 3FD
3FE 3FE
3FF 3FF
400 400
401 401
402 402
403 403
404 404
405 405
406 406
407 407
408 408
409 409
40A 40A
40B 40B
40C 40C
40D 40D
40E 40E
40F 40F
410 410
411 411
412 412
413 413
414 414
415 415
416 416
417 417
418 418
419 419
41A 41A
41B 41B
41C 41C
41D 41D
41E 41E
41F 41F
420 420
421 421
422 422
423 423
424 424
425 425
426 426
427 427
428 428
429 429
42A 42A
42B 42B
42C 42C
42D 42D
42E 42E
42F 42F
430 430
431 431
432 432
433 433
434 434
435 435
436 436
437 437
438 438
439 439
43A 43A
43B 43B
43C 43C
43D 43D
43E 43E
43F 43F
440 440
441 441
442 442
443 443
444 444
445 445
446 446
447 447
448 448
449 449
44A 44A
44B 44B
44C 44C
44D 44D
44E 44E
44F 44F
450 450
451 451
452 452
453 453
454 454
455 455
456 456
457 457
458 458
459 459
45A 45A
45B 45B
45C 45C
45D 45D
45E 45E
45F 45F
460 460
461 461
462 462
463 463
464 464
465 465
466 466
467 467
468 468
469 469
46A 46A
46B 46B
46C 46C
46D 46D
46E 46E
46F 46F
470 470
471 471
472 472
473 473
474 474
475 475
476 476
477 477
478 478
479 479
47A 47A
47B 47B
47C 47C
47D 47D
47E 47E
47F 47F
480 480
481 481
482 482
483 483
484 484
485 485
486 486
487 487
488 488
489 489
48A 48A
48B 48B
48C 48C
48D 48D
48E 48E
48F 48F
490 490
491 491
492 492
493 493
494 494
495 495
496 496
497 497
498 498
499 499
49A 49A
49B 49B
49C 49C
49D 49D
49E 49E
49F 49F
4A0 4A0
4A1 4A1
4A2 4A2
4A3 4A3
4A4 4A4
4A5 4A5
4A6 4A6
4A7 4A7
4A8 4A8
4A9 4A9
4AA 4AA
4AB 4AB
4AC 4AC
4AD 4AD
4AE 4AE
4AF 4AF
4B0 4B0
4B1 4B1
4B2 4B2
4B3 4B3
4B4 4B4
4B5 4B5
4B6 4B6
4B7 4B7
4B8 4B8
4B9 4B9
4BA 4BA
4BB 4BB
4BC 4BC
4BD 4BD
4BE 4BE
4BF 4BF
4C0 4C0
4C1 4C1
4C2 4C2
4C3 4C3
4C4 4C4
4C5 4C5
4C6 4C6
4C7 4C7
4C8 4C8
4C9 4C9
4CA 4CA
4CB 4CB
4CC 4CC
4CD 4CD
4CE 4CE
4CF 4CF
4D0 4D0
4D1 4D1
4D2 4D2
4D3 4D3
4D4 4D4
4D5 4D5
4D6 4D6
4D7 4D7
4D8 4D8
4D9 4D9
4DA 4DA
4DB 4DB
4DC 4DC
4DD 4DD
4DE 4DE
4DF 4DF
4E0 4E0
4E1 4E1
4E2 4E2
4E3 4E3
4E4 4E4
4E5 4E5
4E6 4E6
4E7 4E7
4E8 4E8
4E9 4E9
4EA 4EA
4EB 4EB
4EC 4EC
4ED 4ED
4EE 4EE
4EF 4EF
4F0 4F0
4F1 4F1
4F2 4F2
4F3 4F3
4F4 4F4
4F5 4F5
4F6 4F6
4F7 4F7
4F8 4F8
4F9 4F9
4FA 4FA
4FB 4FB
4FC 4FC
4FD 4FD
4FE 4FE
4FF 4FF
500 500
501 501
502 502
503 503
504 504
505 505
506 506
507 507
508 508
509 509
50A 50A
50B 50B
50C 50C
50D 50D
50E 50E
50F 50F
510 510
511 511
512 512
513 513
514 514
515 515
516 516
517 517
518 518
519 519
51A 51A
51B 51B
51C 51C
51D 51D
51E 51E
51F 51F
520 520
521 521
522 522
523 523
524 524
525 525
526 526
527 527
528 528
529 529
52A 52A
52B 52B
52C 52C
52D 52D
52E 52E
52F 52F
530 530
531 531
532 532
533 533
534 534
535 535
536 536
537 537
538 538
539 539
53A 53A
53B 53B
53C 53C
53D 53D
53E 53E
53F 53F
540 540
541 541
542 542
543 543
544 544
545 545
546 546
547 547
548 548
549 549
54A 54A
54B 54B
54C 54C
54D 54D
54E 54E
54F 54F
550 550
551 551
552 552
553 553
554 554
555 555
556 556
557 557
558 558
559 559
55A 55A
55B 55B
55C 55C
55D 55D
55E 55E
55F 55F
560 560
561 561
562 562
563 563
564 564
565 565
566 566
567 567
568 568
569 569
56A 56A
56B 56B
56C 56C
56D 56D
56E 56E
56F 56F
570 570
571 571
572 572
573 573
574 574
575 575
576 576
577 577
578 578
579 579
57A 57A
57B 57B
57C 57C
57D 57D
57E 57E
57F 57F
580 580
581 581
582 582
583 583
584 584
585 585
586 586
587 587
588 588
589 589
58A 58A
58B 58B
58C 58C
58D 58D
58E 58E
58F 58F
590 590
591 591
592 592
593 593
594 594
595 595
596 596
597 597
598 598
599 599
59A 59A
59B 59B
59C 59C
59D 59D
59E 59E
59F 59F
5A0 5A0
5A1 5A1
5A2 5A2
5A3 5A3
5A4 5A4
5A5 5A5
5A6 5A6
5A7 5A7
5A8 5A8
5A9 5A9
5AA 5AA
5AB 5AB
5AC 5AC
5AD 5AD
5AE 5AE
5AF 5AF
5B0 5B0
5B1 5B1
5B2 5B2
5B3 5B3
5B4 5B4
5B5 5B5
5B6 5B6
5B7 5B7
5B8 5B8
5B9 5B9
5BA 5BA
5BB 5BB
5BC 5BC
5BD 5BD
5BE 5BE
5BF 5BF
5C0 5C0
5C1 5C1
5C2 5C2
5C3 5C3
5C4 5C4
5C5 5C5
5C6 5C6
5C7 5C7
5C8 5C8
5C9 5C9
5CA 5CA
5CB 5CB
5CC 5CC
5CD 5CD
5CE 5CE
5CF 5CF
5D0 5D0
5D1 5D1
5D2 5D2
5D3 5D3
5D4 5D4
5D5 5D5
5D6 5D6
5D7 5D7
5D8 5D8
5D9 5D9
5DA 5DA
5DB 5DB
5DC 5DC
5DD 5DD
5DE 5DE
5DF 5DF
5E0 5E0
5E1 5E1
5E2 5E2
5E3 5E3
5E4 5E4
5E5 5E5
5E6 5E6
5E7 5E7
5E8 5E8
5E9 5E9
5EA 5EA
5EB 5EB
5EC 5EC
5ED 5ED
5EE 5EE
5EF 5EF
5F0 5F0
5F1 5F1
5F2 5F2
5F3 5F3
5F4 5F4
5F5 5F5
5F6 5F6
5F7 5F7
5F8 5F8
5F9 5F9
5FA 5FA
5FB 5FB
5FC 5FC
5FD 5FD
5FE 5FE
5FF 5FF
600 600
601 601
602 602
603 603
604 604
605 605
606 606
607 607
608 608
609 609
60A 60A
60B 60B
60C 60C
60D 60D
60E 60E
60F 60F
610 610
611 611
612 612
613 613
614 614
615 615
616 616
617 617
618 618
619 619
61A 61A
61B 61B
61C 61C
61D 61D
61E 61E
61F 61F
620 620
621 621
622 622
623 623
624 624
625 625
626 626
627 627
628 628
629 629
62A 62A
62B 62B
62C 62C
62D 62D
62E 62E
62F 62F
630 630
631 631
632 632
633 633
634 634
635 635
636 636
637 637
638 638
639 639
63A 63A
63B 63B
63C 63C
63D 63D
63E 63E
63F 63F
640 640
641 641
642 642
643 643
644 644
645 645
646 646
647 647
648 648
649 649
64A 64A
64B 64B
64C 64C
64D 64D
64E 64E
64F 64F
650 650
651 651
652 652
653 653
654 654
655 655
656 656
657 657
658 658
659 659
65A 65A
65B 65B
65C 65C
65D 65D
65E 65E
65F 65F
660 660
661 661
662 662
663 663
664 664
665 665
666 666
667 667
668 668
669 669
66A 66A
66B 66B
66C 66C
66D 66D
66E 66E
66F 66F
670 670
671 671
672 672
673 673
674 674
675 675
676 676
677 677
678 678
679 679
67A 67A
67B 67B
67C 67C
67D 67D
67E 67E
67F 67F
680 680
681 681
682 682
683 683
684 684
685 685
686 686
687 687
688 688
689 689
68A 68A
68B 68B
68C 68C
68D 68D
68E 68E
68F 68F
690 690
691 691
692 692
693 693
694 694
695 695
696 696
697 697
698 698
699 699
69A 69A
69B 69B
69C 69C
69D 69D
69E 69E
69F 69F
6A0 6A0
6A1 6A1
6A2 6A2
6A3 6A3
6A4 6A4
6A5 6A5
6A6 6A6
6A7 6A7
6A8 6A8
6A9 6A9
6AA 6AA
6AB 6AB
6AC 6AC
6AD 6AD
6AE 6AE
6AF 6AF
6B0 6B0
6B1 6B1
6B2 6B2
6B3 6B3
6B4 6B4
6B5 6B5
6B6 6B6
6B7 6B7
6B8 6B8
6B9 6B9
6BA 6BA
6BB 6BB
6BC 6BC
6BD 6BD
6BE 6BE
6BF 6BF
6C0 6C0
6C1 6C1
6C2 6C2
6C3 6C3
6C4 6C4
6C5 6C5
6C6 6C6
6C7 6C7
6C8 6C8
6C9 6C9
6CA 6CA
6CB 6CB
6CC 6CC
6CD 6CD
6CE 6CE
6CF 6CF
6D0 6D0
6D1 6D1
6D2 6D2
6D3 6D3
6D4 6D4
6D5 6D5
6D6 6D6
6D7 6D7
6D8 6D8
6D9 6D9
6DA 6DA
6DB 6DB
6DC 6DC
6DD 6DD
6DE 6DE
6DF 6DF
6E0 6E0
6E1 6E1
6E2 6E2
6E3 6E3
6E4 6E4
6E5 6E5
6E6 6E6
6E7 6E7
6E8 6E8
6E9 6E9
6EA 6EA
6EB 6EB
6EC 6EC
6ED 6ED
6EE 6EE
6EF 6EF
6F0 6F0
6F1 6F1
6F2 6F2
6F3 6F3
6F4 6F4
6F5 6F5
6F6 6F6
6F7 6F7
6F8 6F8
6F9 6F9
6FA 6FA
6FB 6FB
6FC 6FC
6FD 6FD
6FE 6FE
6FF 6FF
700 700
701 701
702 702
703 703
704 704
705 705
706 706
707 707
708 708
709 709
70A 70A
70B 70B
70C 70C
70D 70D
70E 70E
70F 70F
710 710
711 711
712 712
713 713
714 714
715 715
716 716
717 717
718 718
719 719
71A 71A
71B 71B
71C 71C
71D 71D
71E 71E
71F 71F
720 720
721 721
722 722
723 723
724 724
725 725
726 726
727 727
728 728
729 729
72A 72A
72B 72B
72C 72C
72D 72D
72E 72E
72F 72F
730 730
731 731
732 732
733 733
734 734
735 735
736 736
737 737
738 738
739 739
73A 73A
73B 73B
73C 73C
73D 73D
73E 73E
73F 73F
740 740
741 741
742 742
743 743
744 744
745 745
746 746
747 747
748 748
749 749
74A 74A
74B 74B
74C 74C
74D 74D
74E 74E
74F 74F
750 750
751 751
752 752
753 753
754 754
755 755
756 756
757 757
758 758
759 759
75A 75A
75B 75B
75C 75C
75D 75D
75E 75E
75F 75F
760 760
761 761
762 762
763 763
764 764
765 765
766 766
767 767
768 768
769 769
76A 76A
76B 76B
76C 76C
76D 76D
76E 76E
76F 76F
770 770
771 771
772 772
773 773
774 774
775 775
776 776
777 777
778 778
779 779
77A 77A
77B 77B
77C 77C
77D 77D
77E 77E
77F 77F
780 780
781 781
782 782
783 783
784 784
785 785
786 786
787 787
788 788
789 789
78A 78A
78B 78B
78C 78C
78D 78D
78E 78E
78F 78F
790 790
791 791
792 792
793 793
794 794
795 795
796 796
797 797
798 798
799 799
79A 79A
79B 79B
79C 79C
79D 79D
79E 79E
79F 79F
7A0 7A0
7A1 7A1
7A2 7A2
7A3 7A3
7A4 7A4
7A5 7A5
7A6 7A6
7A7 7A7
7A8 7A8
7A9 7A9
7AA 7AA
7AB 7AB
7AC 7AC
7AD 7AD
7AE 7AE
7AF 7AF
7B0 7B0
7B1 7B1
7B2 7B2
7B3 7B3
7B4 7B4
7B5 7B5
7B6 7B6
7B7 7B7
7B8 7B8
7B9 7B9
7BA 7BA
7BB 7BB
7BC 7BC
7BD 7BD
7BE 7BE
7BF 7BF
7C0 7C0
7C1 7C1
7C2 7C2
7C3 7C3
7C4 7C4
7C5 7C5
7C6 7C6
7C7 7C7
7C8 7C8
7C9 7C9
7CA 7CA
7CB 7CB
7CC 7CC
7CD 7CD
7CE 7CE
7CF 7CF
7D0 7D0
7D1 7D1
7D2 7D2
7D3 7D3
7D4 7D4
7D5 7D5
7D6 7D6
7D7 7D7
7D8 7D8
7D9 7D9
7DA 7DA
7DB 7DB
7DC 7DC
7DD 7DD
7DE 7DE
7DF 7DF
7E0 7E0
7E1 7E1
7E2 7E2
7E3 7E3
7E4 7E4
7E5 7E5
7E6 7E6
7E7 7E7
7E8 7E8
7E9 7E9
7EA 7EA
7EB 7EB
7EC 7EC
7ED 7ED
7EE 7EE
7EF 7EF
7F0 7F0
7F1 7F1
7F2 7F2
7F3 7F3
7F4 7F4
7F5 7F5
7F6 7F6
7F7 7F7
7F8 7F8
7F9 7F9
7FA 7FA
7FB 7FB
7FC 7FC
7FD 7FD
7FE 7FE
7FF 7FF
800 800
801 801
802 802
803 803
804 804
805 805
806 806
807 807
808 808
809 809
80A 80A
80B 80B
80C 80C
80D 80D
80E 80E
80F 80F
810 810
811 811
812 812
813 813
814 814
815 815
816 816
817 817
818 818
819 819
81A 81A
81B 81B
81C 81C
81D 81D
81E 81E
81F 81F
820 820
821 821
822 822
823 823
824 824
825 825
826 826
827 827
828 828
829 829
82A 82A
82B 82B
82C 82C
82D 82D
82E 82E
82F 82F
830 830
831 831
832 832
833 833
834 834
835 835
836 836
837 837
838 838
839 839
83A 83A
83B 83B
83C 83C
83D 83D
83E 83E
83F 83F
840 840
841 841
842 842
843 843
844 844
845 845
846 846
847 847
848 848
849 849
84A 84A
84B 84B
84C 84C
84D 84D
84E 84E
84F 84F
850 850
851 851
852 852
853 853
854 854
855 855
856 856
857 857
858 858
859 859
85A 85A
85B 85B
85C 85C
85D 85D
85E 85E
85F 85F
860 860
861 861
862 862
863 863
864 864
865 865
866 866
867 867
868 868
869 869
86A 86A
86B 86B
86C 86C
86D 86D
86E 86E
86F 86F
870 870
871 871
872 872
873 873
874 874
875 875
876 876
877 877
878 878
879 879
87A 87A
87B 87B
87C 87C
87D 87D
87E 87E
87F 87F
880 880
881 881
882 882
883 883
884 884
885 885
886 886
887 887
888 888
889 889
88A 88A
88B 88B
88C 88C
88D 88D
88E 88E
88F 88F
890 890
891 891
892 892
893 893
894 894
895 895
896 896
897 897
898 898
899 899
89A 89A
89B 89B
89C 89C
89D 89D
89E 89E
89F 89F
8A0 8A0
8A1 8A1
8A2 8A2
8A3 8A3
8A4 8A4
8A5 8A5
8A6 8A6
8A7 8A7
8A8 8A8
8A9 8A9
8AA 8AA
8AB 8AB
8AC 8AC
8AD 8AD
8AE 8AE
8AF 8AF
8B0 8B0
8B1 8B1
8B2 8B2
8B3 8B3
8B4 8B4
8B5 8B5
8B6 8B6
8B7 8B7
8B8 8B8
8B9 8B9
8BA 8BA
8BB 8BB
8BC 8BC
8BD 8BD
8BE 8BE
8BF 8BF
8C0 8C0
8C1 8C1
8C2 8C2
8C3 8C3
8C4 8C4
8C5 8C5
8C6 8C6
8C7 8C7
8C8 8C8
8C9 8C9
8CA 8CA
8CB 8CB
8CC 8CC
8CD 8CD
8CE 8CE
8CF 8CF
8D0 8D0
8D1 8D1
8D2 8D2
8D3 8D3
8D4 8D4
8D5 8D5
8D6 8D6
8D7 8D7
8D8 8D8
8D9 8D9
8DA 8DA
8DB 8DB
8DC 8DC
8DD 8DD
8DE 8DE
8DF 8DF
8E0 8E0
8E1 8E1
8E2 8E2
8E3 8E3
8E4 8E4
8E5 8E5
8E6 8E6
8E7 8E7
8E8 8E8
8E9 8E9
8EA 8EA
8EB 8EB
8EC 8EC
8ED 8ED
8EE 8EE
8EF 8EF
8F0 8F0
8F1 8F1
8F2 8F2
8F3 8F3
8F4 8F4
8F5 8F5
8F6 8F6
8F7 8F7
8F8 8F8
8F9 8F9
8FA 8FA
8FB 8FB
8FC 8FC
8FD 8FD
8FE 8FE
8FF 8FF
900 900
901 901
902 902
903 903
904 904
905 905
906 906
907 907
908 908
909 909
90A 90A
90B 90B
90C 90C
90D 90D
90E 90E
90F 90F
910 910
911 911
912 912
913 913
914 914
915 915
916 916
917 917
918 918
919 919
91A 91A
91B 91B
91C 91C
91D 91D
91E 91E
91F 91F
920 920
921 921
922 922
923 923
924 924
925 925
926 926
927 927
928 928
929 929
92A 92A
92B 92B
92C 92C
92D 92D
92E 92E
92F 92F
930 930
931 931
932 932
933 933
934 934
935 935
936 936
937 937
938 938
939 939
93A 93A
93B 93B
93C 93C
93D 93D
93E 93E
93F 93F
940 940
941 941
942 942
943 943
944 944
945 945
946 946
947 947
948 948
949 949
94A 94A
94B 94B
94C 94C
94D 94D
94E 94E
94F 94F
950 950
951 951
952 952
953 953
954 954
955 955
956 956
957 957
958 958
959 959
95A 95A
95B 95B
95C 95C
95D 95D
95E 95E
95F 95F
960 960
961 961
962 962
963 963
964 964
965 965
966 966
967 967
968 968
969 969
96A 96A
96B 96B
96C 96C
96D 96D
96E 96E
96F 96F
970 970
971 971
972 972
973 973
974 974
975 975
976 976
977 977
978 978
979 979
97A 97A
97B 97B
97C 97C
97D 97D
97E 97E
97F 97F
980 980
981 981
982 982
983 983
984 984
985 985
986 986
987 987
988 988
989 989
98A 98A
98B 98B
98C 98C
98D 98D
98E 98E
98F 98F
990 990
991 991
992 992
993 993
994 994
995 995
996 996
997 997
998 998
999 999
99A 99A
99B 99B
99C 99C
99D 99D
99E 99E
99F 99F
9A0 9A0
9A1 9A1
9A2 9A2
9A3 9A3
9A4 9A4
9A5 9A5
9A6 9A6
9A7 9A7
9A8 9A8
9A9 9A9
9AA 9AA
9AB 9AB
9AC 9AC
9AD 9AD
9AE 9AE
9AF 9AF
9B0 9B0
9B1 9B1
9B2 9B2
9B3 9B3
9B4 9B4
9B5 9B5
9B6 9B6
9B7 9B7
9B8 9B8
9B9 9B9
9BA 9BA
9BB 9BB
9BC 9BC
9BD 9BD
9BE 9BE
9BF 9BF
9C0 9C0
9C1 9C1
9C2 9C2
9C3 9C3
9C4 9C4
9C5 9C5
9C6 9C6
9C7 9C7
9C8 9C8
9C9 9C9
9CA 9CA
9CB 9CB
9CC 9CC
9CD 9CD
9CE 9CE
9CF 9CF
9D0 9D0
9D1 9D1
9D2 9D2
9D3 9D3
9D4 9D4
9D5 9D5
9D6 9D6
9D7 9D7
9D8 9D8
9D9 9D9
9DA 9DA
9DB 9DB
9DC 9DC
9DD 9DD
9DE 9DE
9DF 9DF
9E0 9E0
9E1 9E1
9E2 9E2
9E3 9E3
9E4 9E4
9E5 9E5
9E6 9E6
9E7 9E7
9E8 9E8
9E9 9E9
9EA 9EA
9EB 9EB
9EC 9EC
9ED 9ED
9EE 9EE
9EF 9EF
9F0 9F0
9F1 9F1
9F2 9F2
9F3 9F3
9F4 9F4
9F5 9F5
9F6 9F6
9F7 9F7
9F8 9F8
9F9 9F9
9FA 9FA
9FB 9FB
9FC 9FC
9FD 9FD
9FE 9FE
9FF 9FF
A00 A00
A01 A01
A02 A02
A03 A03
A04 A04
A05 A05
A06 A06
A07 A07
A08 A08
A09 A09
A0A A0A
A0B A0B
A0C A0C
A0D A0D
A0E A0E
A0F A0F
A10 A10
A11 A11
A12 A12
A13 A13
A14 A14
A15 A15
A16 A16
A17 A17
A18 A18
A19 A19
A1A A1A
A1B A1B
A1C A1C
A1D A1D
A1E A1E
A1F A1F
A20 A20
A21 A21
A22 A22
A23 A23
A24 A24
A25 A25
A26 A26
A27 A27
A28 A28
A29 A29
A2A A2A
A2B A2B
A2C A2C
A2D A2D
A2E A2E
A2F A2F
A30 A30
A31 A31
A32 A32
A33 A33
A34 A34
A35 A35
A36 A36
A37 A37
A38 A38
A39 A39
A3A A3A
A3B A3B
A3C A3C
A3D A3D
A3E A3E
A3F A3F
A40 A40
A41 A41
A42 A42
A43 A43
A44 A44
A45 A45
A46 A46
A47 A47
A48 A48
A49 A49
A4A A4A
A4B A4B
A4C A4C
A4D A4D
A4E A4E
A4F A4F
A50 A50
A51 A51
A52 A52
A53 A53
A54 A54
A55 A55
A56 A56
A57 A57
A58 A58
A59 A59
A5A A5A
A5B A5B
A5C A5C
A5D A5D
A5E A5E
A5F A5F
A60 A60
A61 A61
A62 A62
A63 A63
A64 A64
A65 A65
A66 A66
A67 A67
A68 A68
A69 A69
A6A A6A
A6B A6B
A6C A6C
A6D A6D
A6E A6E
A6F A6F
A70 A70
A71 A71
A72 A72
A73 A73
A74 A74
A75 A75
A76 A76
A77 A77
A78 A78
A79 A79
A7A A7A
A7B A7B
A7C A7C
A7D A7D
A7E A7E
A7F A7F
A80 A80
A81 A81
A82 A82
A83 A83
A84 A84
A85 A85
A86 A86
A87 A87
A88 A88
A89 A89
A8A A8A
A8B A8B
A8C A8C
A8D A8D
A8E A8E
A8F A8F
A90 A90
A91 A91
A92 A92
A93 A93
A94 A94
A95 A95
A96 A96
A97 A97
A98 A98
A99 A99
A9A A9A
A9B A9B
A9C A9C
A9D A9D
A9E A9E
A9F A9F
AA0 AA0
AA1 AA1
AA2 AA2
AA3 AA3
AA4 AA4
AA5 AA5
AA6 AA6
AA7 AA7
AA8 AA8
AA9 AA9
AAA AAA
AAB AAB
AAC AAC
AAD AAD
AAE AAE
AAF AAF
AB0 AB0
AB1 AB1
AB2 AB2
AB3 AB3
AB4 AB4
AB5 AB5
AB6 AB6
AB7 AB7
AB8 AB8
AB9 AB9
ABA ABA
ABB ABB
ABC ABC
ABD ABD
ABE ABE
ABF ABF
AC0 AC0
AC1 AC1
AC2 AC2
AC3 AC3
AC4 AC4
AC5 AC5
AC6 AC6
AC7 AC7
AC8 AC8
AC9 AC9
ACA ACA
ACB ACB
ACC ACC
ACD ACD
ACE ACE
ACF ACF
AD0 AD0
AD1 AD1
AD2 AD2
AD3 AD3
AD4 AD4
AD5 AD5
AD6 AD6
AD7 AD7
AD8 AD8
AD9 AD9
ADA ADA
ADB ADB
ADC ADC
ADD ADD
ADE ADE
ADF ADF
AE0 AE0
AE1 AE1
AE2 AE2
AE3 AE3
AE4 AE4
AE5 AE5
AE6 AE6
AE7 AE7
AE8 AE8
AE9 AE9
AEA AEA
AEB AEB
AEC AEC
AED AED
AEE AEE
AEF AEF
AF0 AF0
AF1 AF1
AF2 AF2
AF3 AF3
AF4 AF4
AF5 AF5
AF6 AF6
AF7 AF7
AF8 AF8
AF9 AF9
AFA AFA
AFB AFB
AFC AFC
AFD AFD
AFE AFE
AFF AFF
B00 B00
B01 B01
B02 B02
B03 B03
B04 B04
B05 B05
B06 B06
B07 B07
B08 B08
B09 B09
B0A B0A
B0B B0B
B0C B0C
B0D B0D
B0E B0E
B0F B0F
B10 B10
B11 B11
B12 B12
B13 B13
B14 B14
B15 B15
B16 B16
B17 B17
B18 B18
B19 B19
B1A B1A
B1B B1B
B1C B1C
B1D B1D
B1E B1E
B1F B1F
B20 B20
B21 B21
B22 B22
B23 B23
B24 B24
B25 B25
B26 B26
B27 B27
B28 B28
B29 B29
B2A B2A
B2B B2B
B2C B2C
B2D B2D
B2E B2E
B2F B2F
B30 B30
B31 B31
B32 B32
B33 B33
B34 B34
B35 B35
B36 B36
B37 B37
B38 B38
B39 B39
B3A B3A
B3B B3B
B3C B3C
B3D B3D
B3E B3E
B3F B3F
B40 B40
B41 B41
B42 B42
B43 B43
B44 B44
B45 B45
B46 B46
B47 B47
B48 B48
B49 B49
B4A B4A
B4B B4B
B4C B4C
B4D B4D
B4E B4E
B4F B4F
B50 B50
B51 B51
B52 B52
B53 B53
B54 B54
B55 B55
B56 B56
B57 B57
B58 B58
B59 B59
B5A B5A
B5B B5B
B5C B5C
B5D B5D
B5E B5E
B5F B5F
B60 B60
B61 B61
B62 B62
B63 B63
B64 B64
B65 B65
B66 B66
B67 B67
B68 B68
B69 B69
B6A B6A
B6B B6B
B6C B6C
B6D B6D
B6E B6E
B6F B6F
B70 B70
B71 B71
B72 B72
B73 B73
B74 B74
B75 B75
B76 B76
B77 B77
B78 B78
B79 B79
B7A B7A
B7B B7B
B7C B7C
B7D B7D
B7E B7E
B7F B7F
B80 B80
B81 B81
B82 B82
B83 B83
B84 B84
B85 B85
B86 B86
B87 B87
B88 B88
B89 B89
B8A B8A
B8B B8B
B8C B8C
B8D B8D
B8E B8E
B8F B8F
B90 B90
B91 B91
B92 B92
B93 B93
B94 B94
B95 B95
B96 B96
B97 B97
B98 B98
B99 B99
B9A B9A
B9B B9B
B9C B9C
B9D B9D
B9E B9E
B9F B9F
BA0 BA0
BA1 BA1
BA2 BA2
BA3 BA3
BA4 BA4
BA5 BA5
BA6 BA6
BA7 BA7
BA8 BA8
BA9 BA9
BAA BAA
BAB BAB
BAC BAC
BAD BAD
BAE BAE
BAF BAF
BB0 BB0
BB1 BB1
BB2 BB2
BB3 BB3
BB4 BB4
BB5 BB5
BB6 BB6
BB7 BB7
BB8 BB8
BB9 BB9
BBA BBA
BBB BBB
BBC BBC
BBD BBD
BBE BBE
BBF BBF
BC0 BC0
BC1 BC1
BC2 BC2
BC3 BC3
BC4 BC4
BC5 BC5
BC6 BC6
BC7 BC7
BC8 BC8
BC9 BC9
BCA BCA
BCB BCB
BCC BCC
BCD BCD
BCE BCE
BCF BCF
BD0 BD0
BD1 BD1
BD2 BD2
BD3 BD3
BD4 BD4
BD5 BD5
BD6 BD6
BD7 BD7
BD8 BD8
BD9 BD9
BDA BDA
BDB BDB
BDC BDC
BDD BDD
BDE BDE
BDF BDF
BE0 BE0
BE1 BE1
BE2 BE2
BE3 BE3
BE4 BE4
BE5 BE5
BE6 BE6
BE7 BE7
BE8 BE8
BE9 BE9
BEA BEA
BEB BEB
BEC BEC
BED BED
BEE BEE
BEF BEF
BF0 BF0
BF1 BF1
BF2 BF2
BF3 BF3
BF4 BF4
BF5 BF5
BF6 BF6
BF7 BF7
BF8 BF8
BF9 BF9
BFA BFA
BFB BFB
BFC BFC
BFD BFD
BFE BFE
BFF BFF
C00 C00
C01 C01
C02 C02
C03 C03
C04 C04
C05 C05
C06 C06
C07 C07
C08 C08
C09 C09
C0A C0A
C0B C0B
C0C C0C
C0D C0D
C0E C0E
C0F C0F
C10 C10
C11 C11
C12 C12
C13 C13
C14 C14
C15 C15
C16 C16
C17 C17
C18 C18
C19 C19
C1A C1A
C1B C1B
C1C C1C
C1D C1D
C1E C1E
C1F C1F
C20 C20
C21 C21
C22 C22
C23 C23
C24 C24
C25 C25
C26 C26
C27 C27
C28 C28
C29 C29
C2A C2A
C2B C2B
C2C C2C
C2D C2D
C2E C2E
C2F C2F
C30 C30
C31 C31
C32 C32
C33 C33
C34 C34
C35 C35
C36 C36
C37 C37
C38 C38
C39 C39
C3A C3A
C3B C3B
C3C C3C
C3D C3D
C3E C3E
C3F C3F
C40 C40
C41 C41
C42 C42
C43 C43
C44 C44
C45 C45
C46 C46
C47 C47
C48 C48
C49 C49
C4A C4A
C4B C4B
C4C C4C
C4D C4D
C4E C4E
C4F C4F
C50 C50
C51 C51
C52 C52
C53 C53
C54 C54
C55 C55
C56 C56
C57 C57
C58 C58
C59 C59
C5A C5A
C5B C5B
C5C C5C
C5D C5D
C5E C5E
C5F C5F
C60 C60
C61 C61
C62 C62
C63 C63
C64 C64
C65 C65
C66 C66
C67 C67
C68 C68
C69 C69
C6A C6A
C6B C6B
C6C C6C
C6D C6D
C6E C6E
C6F C6F
C70 C70
C71 C71
C72 C72
C73 C73
C74 C74
C75 C75
C76 C76
C77 C77
C78 C78
C79 C79
C7A C7A
C7B C7B
C7C C7C
C7D C7D
C7E C7E
C7F C7F
C80 C80
C81 C81
C82 C82
C83 C83
C84 C84
C85 C85
C86 C86
C87 C87
C88 C88
C89 C89
C8A C8A
C8B C8B
C8C C8C
C8D C8D
C8E C8E
C8F C8F
C90 C90
C91 C91
C92 C92
C93 C93
C94 C94
C95 C95
C96 C96
C97 C97
C98 C98
C99 C99
C9A C9A
C9B C9B
C9C C9C
C9D C9D
C9E C9E
C9F C9F
CA0 CA0
CA1 CA1
CA2 CA2
CA3 CA3
CA4 CA4
CA5 CA5
CA6 CA6
CA7 CA7
CA8 CA8
CA9 CA9
CAA CAA
CAB CAB
CAC CAC
CAD CAD
CAE CAE
CAF CAF
CB0 CB0
CB1 CB1
CB2 CB2
CB3 CB3
CB4 CB4
CB5 CB5
CB6 CB6
CB7 CB7
CB8 CB8
CB9 CB9
CBA CBA
CBB CBB
CBC CBC
CBD CBD
CBE CBE
CBF CBF
CC0 CC0
CC1 CC1
CC2 CC2
CC3 CC3
CC4 CC4
CC5 CC5
CC6 CC6
CC7 CC7
CC8 CC8
CC9 CC9
CCA CCA
CCB CCB
CCC CCC
CCD CCD
CCE CCE
CCF CCF
CD0 CD0
CD1 CD1
CD2 CD2
CD3 CD3
CD4 CD4
CD5 CD5
CD6 CD6
CD7 CD7
CD8 CD8
CD9 CD9
CDA CDA
CDB CDB
CDC CDC
CDD CDD
CDE CDE
CDF CDF
CE0 CE0
CE1 CE1
CE2 CE2
CE3 CE3
CE4 CE4
CE5 CE5
CE6 CE6
CE7 CE7
CE8 CE8
CE9 CE9
CEA CEA
CEB CEB
CEC CEC
CED CED
CEE CEE
CEF CEF
CF0 CF0
CF1 CF1
CF2 CF2
CF3 CF3
CF4 CF4
CF5 CF5
CF6 CF6
CF7 CF7
CF8 CF8
CF9 CF9
CFA CFA
CFB CFB
CFC CFC
CFD CFD
CFE CFE
CFF CFF
D00 D00
D01 D01
D02 D02
D03 D03
D04 D04
D05 D05
D06 D06
D07 D07
D08 D08
D09 D09
D0A D0A
D0B D0B
D0C D0C
D0D D0D
D0E D0E
D0F D0F
D10 D10
D11 D11
D12 D12
D13 D13
D14 D14
D15 D15
D16 D16
D17 D17
D18 D18
D19 D19
D1A D1A
D1B D1B
D1C D1C
D1D D1D
D1E D1E
D1F D1F
D20 D20
D21 D21
D22 D22
D23 D23
D24 D24
D25 D25
D26 D26
D27 D27
D28 D28
D29 D29
D2A D2A
D2B D2B
D2C D2C
D2D D2D
D2E D2E
D2F D2F
D30 D30
D31 D31
D32 D32
D33 D33
D34 D34
D35 D35
D36 D36
D37 D37
D38 D38
D39 D39
D3A D3A
D3B D3B
D3C D3C
D3D D3D
D3E D3E
D3F D3F
D40 D40
D41 D41
D42 D42
D43 D43
D44 D44
D45 D45
D46 D46
D47 D47
D48 D48
D49 D49
D4A D4A
D4B D4B
D4C D4C
D4D D4D
D4E D4E
D4F D4F
D50 D50
D51 D51
D52 D52
D53 D53
D54 D54
D55 D55
D56 D56
D57 D57
D58 D58
D59 D59
D5A D5A
D5B D5B
D5C D5C
D5D D5D
D5E D5E
D5F D5F
D60 D60
D61 D61
D62 D62
D63 D63
D64 D64
D65 D65
D66 D66
D67 D67
D68 D68
D69 D69
D6A D6A
D6B D6B
D6C D6C
D6D D6D
D6E D6E
D6F D6F
D70 D70
D71 D71
D72 D72
D73 D73
D74 D74
D75 D75
D76 D76
D77 D77
D78 D78
D79 D79
D7A D7A
D7B D7B
D7C D7C
D7D D7D
D7E D7E
D7F D7F
D80 D80
D81 D81
D82 D82
D83 D83
D84 D84
D85 D85
D86 D86
D87 D87
D88 D88
D89 D89
D8A D8A
D8B D8B
D8C D8C
D8D D8D
D8E D8E
D8F D8F
D90 D90
D91 D91
D92 D92
D93 D93
D94 D94
D95 D95
D96 D96
D97 D97
D98 D98
D99 D99
D9A D9A
D9B D9B
D9C D9C
D9D D9D
D9E D9E
D9F D9F
DA0 DA0
DA1 DA1
DA2 DA2
DA3 DA3
DA4 DA4
DA5 DA5
DA6 DA6
DA7 DA7
DA8 DA8
DA9 DA9
DAA DAA
DAB DAB
DAC DAC
DAD DAD
DAE DAE
DAF DAF
DB0 DB0
DB1 DB1
DB2 DB2
DB3 DB3
DB4 DB4
DB5 DB5
DB6 DB6
DB7 DB7
DB8 DB8
DB9 DB9
DBA DBA
DBB DBB
DBC DBC
DBD DBD
DBE DBE
DBF DBF
DC0 DC0
DC1 DC1
DC2 DC2
DC3 DC3
DC4 DC4
DC5 DC5
DC6 DC6
DC7 DC7
DC8 DC8
DC9 DC9
DCA DCA
DCB DCB
DCC DCC
DCD DCD
DCE DCE
DCF DCF
DD0 DD0
DD1 DD1
DD2 DD2
DD3 DD3
DD4 DD4
DD5 DD5
DD6 DD6
DD7 DD7
DD8 DD8
DD9 DD9
DDA DDA
DDB DDB
DDC DDC
DDD DDD
DDE DDE
DDF DDF
DE0 DE0
DE1 DE1
DE2 DE2
DE3 DE3
DE4 DE4
DE5 DE5
DE6 DE6
DE7 DE7
DE8 DE8
DE9 DE9
DEA DEA
DEB DEB
DEC DEC
DED DED
DEE DEE
DEF DEF
DF0 DF0
DF1 DF1
DF2 DF2
DF3 DF3
DF4 DF4
DF5 DF5
DF6 DF6
DF7 DF7
DF8 DF8
DF9 DF9
DFA DFA
DFB DFB
DFC DFC
DFD DFD
DFE DFE
DFF DFF
E00 E00
E01 E01
E02 E02
E03 E03
E04 E04
E05 E05
E06 E06
E07 E07
E08 E08
E09 E09
E0A E0A
E0B E0B
E0C E0C
E0D E0D
E0E E0E
E0F E0F
E10 E10
E11 E11
E12 E12
E13 E13
E14 E14
E15 E15
E16 E16
E17 E17
E18 E18
E19 E19
E1A E1A
E1B E1B
E1C E1C
E1D E1D
E1E E1E
E1F E1F
E20 E20
E21 E21
E22 E22
E23 E23
E24 E24
E25 E25
E26 E26
E27 E27
E28 E28
E29 E29
E2A E2A
E2B E2B
E2C E2C
E2D E2D
E2E E2E
E2F E2F
E30 E30
E31 E31
E32 E32
E33 E33
E34 E34
E35 E35
E36 E36
E37 E37
E38 E38
E39 E39
E3A E3A
E3B E3B
E3C E3C
E3D E3D
E3E E3E
E3F E3F
E40 E40
E41 E41
E42 E42
E43 E43
E44 E44
E45 E45
E46 E46
E47 E47
E48 E48
E49 E49
E4A E4A
E4B E4B
E4C E4C
E4D E4D
E4E E4E
E4F E4F
E50 E50
E51 E51
E52 E52
E53 E53
E54 E54
E55 E55
E56 E56
E57 E57
E58 E58
E59 E59
E5A E5A
E5B E5B
E5C E5C
E5D E5D
E5E E5E
E5F E5F
E60 E60
E61 E61
E62 E62
E63 E63
E64 E64
E65 E65
E66 E66
E67 E67
E68 E68
E69 E69
E6A E6A
E6B E6B
E6C E6C
E6D E6D
E6E E6E
E6F E6F
E70 E70
E71 E71
E72 E72
E73 E73
E74 E74
E75 E75
E76 E76
E77 E77
E78 E78
E79 E79
E7A E7A
E7B E7B
E7C E7C
E7D E7D
E7E E7E
E7F E7F
E80 E80
E81 E81
E82 E82
E83 E83
E84 E84
E85 E85
E86 E86
E87 E87
E88 E88
E89 E89
E8A E8A
E8B E8B
E8C E8C
E8D E8D
E8E E8E
E8F E8F
E90 E90
E91 E91
E92 E92
E93 E93
E94 E94
E95 E95
E96 E96
E97 E97
E98 E98
E99 E99
E9A E9A
E9B E9B
E9C E9C
E9D E9D
E9E E9E
E9F E9F
EA0 EA0
EA1 EA1
EA2 EA2
EA3 EA3
EA4 EA4
EA5 EA5
EA6 EA6
EA7 EA7
EA8 EA8
EA9 EA9
EAA EAA
EAB EAB
EAC EAC
EAD EAD
EAE EAE
EAF EAF
EB0 EB0
EB1 EB1
EB2 EB2
EB3 EB3
EB4 EB4
EB5 EB5
EB6 EB6
EB7 EB7
EB8 EB8
EB9 EB9
EBA EBA
EBB EBB
EBC EBC
EBD EBD
EBE EBE
EBF EBF
EC0 EC0
EC1 EC1
EC2 EC2
EC3 EC3
EC4 EC4
EC5 EC5
EC6 EC6
EC7 EC7
EC8 EC8
EC9 EC9
ECA ECA
ECB ECB
ECC ECC
ECD ECD
ECE ECE
ECF ECF
ED0 ED0
ED1 ED1
ED2 ED2
ED3 ED3
ED4 ED4
ED5 ED5
ED6 ED6
ED7 ED7
ED8 ED8
ED9 ED9
EDA EDA
EDB EDB
EDC EDC
EDD EDD
EDE EDE
EDF EDF
EE0 EE0
EE1 EE1
EE2 EE2
EE3 EE3
EE4 EE4
EE5 EE5
EE6 EE6
EE7 EE7
EE8 EE8
EE9 EE9
EEA EEA
EEB EEB
EEC EEC
EED EED
EEE EEE
EEF EEF
EF0 EF0
EF1 EF1
EF2 EF2
EF3 EF3
EF4 EF4
EF5 EF5
EF6 EF6
EF7 EF7
EF8 EF8
EF9 EF9
EFA EFA
EFB EFB
EFC EFC
EFD EFD
EFE EFE
EFF EFF
F00 F00
F01 F01
F02 F02
F03 F03
F04 F04
F05 F05
F06 F06
F07 F07
F08 F08
F09 F09
F0A F0A
F0B F0B
F0C F0C
F0D F0D
F0E F0E
F0F F0F
F10 F10
F11 F11
F12 F12
F13 F13
F14 F14
F15 F15
F16 F16
F17 F17
F18 F18
F19 F19
F1A F1A
F1B F1B
F1C F1C
F1D F1D
F1E F1E
F1F F1F
F20 F20
F21 F21
F22 F22
F23 F23
F24 F24
F25 F25
F26 F26
F27 F27
F28 F28
F29 F29
F2A F2A
F2B F2B
F2C F2C
F2D F2D
F2E F2E
F2F F2F
F30 F30
F31 F31
F32 F32
F33 F33
F34 F34
F35 F35
F36 F36
F37 F37
F38 F38
F39 F39
F3A F3A
F3B F3B
F3C F3C
F3D F3D
F3E F3E
F3F F3F
F40 F40
F41 F41
F42 F42
F43 F43
F44 F44
F45 F45
F46 F46
F47 F47
F48 F48
F49 F49
F4A F4A
F4B F4B
F4C F4C
F4D F4D
F4E F4E
F4F F4F
F50 F50
F51 F51
F52 F52
F53 F53
F54 F54
F55 F55
F56 F56
F57 F57
F58 F58
F59 F59
F5A F5A
F5B F5B
F5C F5C
F5D F5D
F5E F5E
F5F F5F
F60 F60
F61 F61
F62 F62
F63 F63
F64 F64
F65 F65
F66 F66
F67 F67
F68 F68
F69 F69
F6A F6A
F6B F6B
F6C F6C
F6D F6D
F6E F6E
F6F F6F
F70 F70
F71 F71
F72 F72
F73 F73
F74 F74
F75 F75
F76 F76
F77 F77
F78 F78
F79 F79
F7A F7A
F7B F7B
F7C F7C
F7D F7D
F7E F7E
F7F F7F
F80 F80
F81 F81
F82 F82
F83 F83
F84 F84
F85 F85
F86 F86
F87 F87
F88 F88
F89 F89
F8A F8A
F8B F8B
F8C F8C
F8D F8D
F8E F8E
F8F F8F
F90 F90
F91 F91
F92 F92
F93 F93
F94 F94
F95 F95
F96 F96
F97 F97
F98 F98
F99 F99
F9A F9A
F9B F9B
F9C F9C
F9D F9D
F9E F9E
F9F F9F
FA0 FA0
FA1 FA1
FA2 FA2
FA3 FA3
FA4 FA4
FA5 FA5
FA6 FA6
FA7 FA7
FA8 FA8
FA9 FA9
FAA FAA
FAB FAB
FAC FAC
FAD FAD
FAE FAE
FAF FAF
FB0 FB0
FB1 FB1
FB2 FB2
FB3 FB3
FB4 FB4
FB5 FB5
FB6 FB6
FB7 FB7
FB8 FB8
FB9 FB9
FBA FBA
FBB FBB
FBC FBC
FBD FBD
FBE FBE
FBF FBF
FC0 FC0
FC1 FC1
FC2 FC2
FC3 FC3
FC4 FC4
FC5 FC5
FC6 FC6
FC7 FC7
FC8 FC8
FC9 FC9
FCA FCA
FCB FCB
FCC FCC
FCD FCD
FCE FCE
FCF FCF
FD0 FD0
FD1 FD1
FD2 FD2
FD3 FD3
FD4 FD4
FD5 FD5
FD6 FD6
FD7 FD7
FD8 FD8
FD9 FD9
FDA FDA
FDB FDB
FDC FDC
FDD FDD
FDE FDE
FDF FDF
FE0 FE0
FE1 FE1
FE2 FE2
FE3 FE3
FE4 FE4
FE5 FE5
FE6 FE6
FE7 FE7
FE8 FE8
FE9 FE9
FEA FEA
FEB FEB
FEC FEC
FED FED
FEE FEE
FEF FEF
FF0 FF0
FF1 FF1
FF2 FF2
FF3 FF3
FF4 FF4
FF5 FF5
FF6 FF6
FF7 FF7
FF8 FF8
FF9 FF9
FFA FFA
FFB FFB
FFC FFC
FFD FFD
FFE FFE
FFF FFF
